I'm sorry, but errors were detected in your script. Please correct the
errors listed below, and try again.


File "game/scenes_script/chapter_2.rpy", line 375: Menu does not contain any choices.
    menu:
         ^

Ren'Py Version: Ren'Py 8.0.3.22090809
Mon Oct 17 22:31:14 2022
